07-31 22:57 imDMG_kinozal INFO     Local cookies not exists, try to login
07-31 22:57 imDMG_kinozal DEBUG    Login. Data before: {'username': 'USERNAME', 'password': 'PASSWORD'}
07-31 22:57 imDMG_kinozal DEBUG    Login. Data after: {data_encoded}
07-31 22:57 imDMG_kinozal ERROR    https://kinozal.tv/takelogin.php is not response! Maybe it is blocked.
Traceback (most recent call last):
  File "/Users/ugurgumushan/.local/share/uv/python/cpython-3.12.13-macos-aarch64-none/lib/python3.12/urllib/request.py", line 1344, in do_open
    h.request(req.get_method(), req.selector, req.data, headers,
  File "/Users/ugurgumushan/.local/share/uv/python/cpython-3.12.13-macos-aarch64-none/lib/python3.12/http/client.py", line 1358, in request
    self._send_request(method, url, body, headers, encode_chunked)
  File "/Users/ugurgumushan/.local/share/uv/python/cpython-3.12.13-macos-aarch64-none/lib/python3.12/http/client.py", line 1404, in _send_request
    self.endheaders(body, encode_chunked=encode_chunked)
  File "/Users/ugurgumushan/.local/share/uv/python/cpython-3.12.13-macos-aarch64-none/lib/python3.12/http/client.py", line 1353, in endheaders
    self._send_output(message_body, encode_chunked=encode_chunked)
  File "/Users/ugurgumushan/.local/share/uv/python/cpython-3.12.13-macos-aarch64-none/lib/python3.12/http/client.py", line 1113, in _send_output
    self.send(msg)
  File "/Users/ugurgumushan/.local/share/uv/python/cpython-3.12.13-macos-aarch64-none/lib/python3.12/http/client.py", line 1057, in send
    self.connect()
  File "/Users/ugurgumushan/.local/share/uv/python/cpython-3.12.13-macos-aarch64-none/lib/python3.12/http/client.py", line 1492, in connect
    super().connect()
  File "/Users/ugurgumushan/.local/share/uv/python/cpython-3.12.13-macos-aarch64-none/lib/python3.12/http/client.py", line 1023, in connect
    self.sock = self._create_connection(
                ^^^^^^^^^^^^^^^^^^^^^^^^
  File "/Users/ugurgumushan/.local/share/uv/python/cpython-3.12.13-macos-aarch64-none/lib/python3.12/socket.py", line 865, in create_connection
    raise exceptions[0]
  File "/Users/ugurgumushan/.local/share/uv/python/cpython-3.12.13-macos-aarch64-none/lib/python3.12/socket.py", line 850, in create_connection
    sock.connect(sa)
ConnectionRefusedError: [Errno 61] Connection refused

During handling of the above exception, another exception occurred:

Traceback (most recent call last):
  File "/Users/ugurgumushan/code/qbsearch/all/imDMG_kinozal.py", line 357, in _request
    with self.session.open(url, data, 15) as r:
         ^^^^^^^^^^^^^^^^^^^^^^^^^^^^^^^^
  File "/Users/ugurgumushan/.local/share/uv/python/cpython-3.12.13-macos-aarch64-none/lib/python3.12/urllib/request.py", line 515, in open
    response = self._open(req, data)
               ^^^^^^^^^^^^^^^^^^^^^
  File "/Users/ugurgumushan/.local/share/uv/python/cpython-3.12.13-macos-aarch64-none/lib/python3.12/urllib/request.py", line 532, in _open
    result = self._call_chain(self.handle_open, protocol, protocol +
             ^^^^^^^^^^^^^^^^^^^^^^^^^^^^^^^^^^^^^^^^^^^^^^^^^^^^^^^
  File "/Users/ugurgumushan/.local/share/uv/python/cpython-3.12.13-macos-aarch64-none/lib/python3.12/urllib/request.py", line 492, in _call_chain
    result = func(*args)
             ^^^^^^^^^^^
  File "/Users/ugurgumushan/.local/share/uv/python/cpython-3.12.13-macos-aarch64-none/lib/python3.12/urllib/request.py", line 1392, in https_open
    return self.do_open(http.client.HTTPSConnection, req,
           ^^^^^^^^^^^^^^^^^^^^^^^^^^^^^^^^^^^^^^^^^^^^^^
  File "/Users/ugurgumushan/.local/share/uv/python/cpython-3.12.13-macos-aarch64-none/lib/python3.12/urllib/request.py", line 1347, in do_open
    raise URLError(err)
urllib.error.URLError: <urlopen error [Errno 61] Connection refused>

The above exception was the direct cause of the following exception:

Traceback (most recent call last):
  File "/Users/ugurgumushan/code/qbsearch/all/imDMG_kinozal.py", line 259, in _catch_errors
    self._init()
  File "/Users/ugurgumushan/code/qbsearch/all/imDMG_kinozal.py", line 305, in _init
    self.login()
  File "/Users/ugurgumushan/code/qbsearch/all/imDMG_kinozal.py", line 206, in login
    self._request(self.url_login, data_encoded)
  File "/Users/ugurgumushan/code/qbsearch/all/imDMG_kinozal.py", line 384, in _request
    raise EngineError(
imDMG_kinozal.EngineError: https://kinozal.tv/takelogin.php is not response! Maybe it is blocked.
