31.07 22:45:35 DEBUG    SEARCHING ->> linux in cat all
31.07 22:45:35 DEBUG    Trying to read from /Users/ugurgumushan/code/qbsearch/all/speedapp-token.json
31.07 22:45:35 DEBUG    Loading JSON file from: {'/Users/ugurgumushan/code/qbsearch/all/speedapp-token.json'}
31.07 22:45:35 ERROR    An error occurred: [Errno 2] No such file or directory: '/Users/ugurgumushan/code/qbsearch/all/speedapp-token.json'
31.07 22:45:36 ERROR    HTTP Error 401: Unauthorized
Traceback (most recent call last):
  File "/Users/ugurgumushan/code/qbsearch/all/miIiano_speedapp.py", line 114, in login
    with urllib.request.urlopen(req, timeout=5) as response:
         ^^^^^^^^^^^^^^^^^^^^^^^^^^^^^^^^^^^^^^
  File "/Users/ugurgumushan/.local/share/uv/python/cpython-3.12.13-macos-aarch64-none/lib/python3.12/urllib/request.py", line 215, in urlopen
    return opener.open(url, data, timeout)
           ^^^^^^^^^^^^^^^^^^^^^^^^^^^^^^^
  File "/Users/ugurgumushan/.local/share/uv/python/cpython-3.12.13-macos-aarch64-none/lib/python3.12/urllib/request.py", line 521, in open
    response = meth(req, response)
               ^^^^^^^^^^^^^^^^^^^
  File "/Users/ugurgumushan/.local/share/uv/python/cpython-3.12.13-macos-aarch64-none/lib/python3.12/urllib/request.py", line 630, in http_response
    response = self.parent.error(
               ^^^^^^^^^^^^^^^^^^
  File "/Users/ugurgumushan/.local/share/uv/python/cpython-3.12.13-macos-aarch64-none/lib/python3.12/urllib/request.py", line 559, in error
    return self._call_chain(*args)
           ^^^^^^^^^^^^^^^^^^^^^^^
  File "/Users/ugurgumushan/.local/share/uv/python/cpython-3.12.13-macos-aarch64-none/lib/python3.12/urllib/request.py", line 492, in _call_chain
    result = func(*args)
             ^^^^^^^^^^^
  File "/Users/ugurgumushan/.local/share/uv/python/cpython-3.12.13-macos-aarch64-none/lib/python3.12/urllib/request.py", line 639, in http_error_default
    raise HTTPError(req.full_url, code, msg, hdrs, fp)
urllib.error.HTTPError: HTTP Error 401: Unauthorized
31.07 22:45:36 ERROR    Error occurred: HTTP Error 401: Unauthorized
31.07 22:46:02 WARNING  Config file created: /Users/ugurgumushan/code/qbsearch/all/toloka_to.json. Fill in 'username' and 'password' fields.
31.07 22:46:02 INFO     Starting search for: 'linux' in category: all
31.07 22:46:02 ERROR    Missing credentials: username=False, password=False
31.07 22:57:38 DEBUG    SEARCHING ->> linux in cat all
31.07 22:57:38 DEBUG    Trying to read from /Users/ugurgumushan/code/qbsearch/all/speedapp-token.json
31.07 22:57:38 DEBUG    Loading JSON file from: {'/Users/ugurgumushan/code/qbsearch/all/speedapp-token.json'}
31.07 22:57:38 ERROR    An error occurred: [Errno 2] No such file or directory: '/Users/ugurgumushan/code/qbsearch/all/speedapp-token.json'
31.07 22:57:38 ERROR    HTTP Error 401: Unauthorized
Traceback (most recent call last):
  File "/Users/ugurgumushan/code/qbsearch/all/miIiano_speedapp.py", line 114, in login
    with urllib.request.urlopen(req, timeout=5) as response:
         ^^^^^^^^^^^^^^^^^^^^^^^^^^^^^^^^^^^^^^
  File "/Users/ugurgumushan/.local/share/uv/python/cpython-3.12.13-macos-aarch64-none/lib/python3.12/urllib/request.py", line 215, in urlopen
    return opener.open(url, data, timeout)
           ^^^^^^^^^^^^^^^^^^^^^^^^^^^^^^^
  File "/Users/ugurgumushan/.local/share/uv/python/cpython-3.12.13-macos-aarch64-none/lib/python3.12/urllib/request.py", line 521, in open
    response = meth(req, response)
               ^^^^^^^^^^^^^^^^^^^
  File "/Users/ugurgumushan/.local/share/uv/python/cpython-3.12.13-macos-aarch64-none/lib/python3.12/urllib/request.py", line 630, in http_response
    response = self.parent.error(
               ^^^^^^^^^^^^^^^^^^
  File "/Users/ugurgumushan/.local/share/uv/python/cpython-3.12.13-macos-aarch64-none/lib/python3.12/urllib/request.py", line 559, in error
    return self._call_chain(*args)
           ^^^^^^^^^^^^^^^^^^^^^^^
  File "/Users/ugurgumushan/.local/share/uv/python/cpython-3.12.13-macos-aarch64-none/lib/python3.12/urllib/request.py", line 492, in _call_chain
    result = func(*args)
             ^^^^^^^^^^^
  File "/Users/ugurgumushan/.local/share/uv/python/cpython-3.12.13-macos-aarch64-none/lib/python3.12/urllib/request.py", line 639, in http_error_default
    raise HTTPError(req.full_url, code, msg, hdrs, fp)
urllib.error.HTTPError: HTTP Error 401: Unauthorized
31.07 22:57:38 ERROR    Error occurred: HTTP Error 401: Unauthorized
